../Core/Src/main.c:69:6:debug_printf	312	static
../Core/Src/main.c:109:9:crc8	24	static
../Core/Src/main.c:133:6:HAL_UART_RxCpltCallback	16	static
../Core/Src/main.c:185:6:print_channels	8	static
../Core/Src/main.c:210:5:main	24	static
../Core/Src/main.c:302:6:SystemClock_Config	88	static
../Core/Src/main.c:348:13:MX_USART1_UART_Init	8	static
../Core/Src/main.c:381:13:MX_USART2_UART_Init	8	static
../Core/Src/main.c:414:13:MX_GPIO_Init	24	static
../Core/Src/main.c:438:6:Error_Handler	4	static,ignoring_inline_asm
