../Core/Src/main.c:73:6:debug_printf	312	static
../Core/Src/main.c:113:9:crc8	24	static
../Core/Src/main.c:137:6:HAL_UART_RxCpltCallback	16	static
../Core/Src/main.c:189:6:print_channels	8	static
../Core/Src/main.c:209:6:print_frames	16	static
../Core/Src/main.c:222:5:main	80	static
../Core/Src/main.c:350:6:SystemClock_Config	88	static
../Core/Src/main.c:396:13:MX_SPI1_Init	8	static
../Core/Src/main.c:434:13:MX_USART1_UART_Init	8	static
../Core/Src/main.c:467:13:MX_USART2_UART_Init	8	static
../Core/Src/main.c:500:13:MX_GPIO_Init	48	static
../Core/Src/main.c:536:6:Error_Handler	4	static,ignoring_inline_asm
